rows 1370 props 273 pop {'computed_at': '2026-09-17T20:48:08Z', 'measurements': 1370, 'proposals': 273, 'digest_newline': '9d075b01fa59d1b0d85ca846a2994f70101012e6c21af232c939b7d8524fbd0a'}
{
 "interval_rule_pairs": 60,
 "stratified_pairs_any_rule": 111,
 "interval_rule_stratified_pairs": 53,
 "cell_failed_pairs": 42,
 "cell_pass_pairs": 30,
 "legacy_strata_pairs": 58,
 "attested_rows": 205,
 "attested_stratified_rows": 137,
 "rows_with_filer_stratum_bounds": 8,
 "legacy_cad_at_least_contracts": 2,
 "cad_at_least_list": [
  [
   "stop-s-finish-started-stop-s-interrupt-started-a-stop",
   {
    "metric": "comprehension_accuracy_delta",
    "at_least": 0
   }
  ],
  [
   "action-resume-from-checkpoint-action-redo-from-start-retain",
   {
    "metric": "comprehension_accuracy_delta",
    "at_least": 0
   }
  ]
 ]
}
replayed 0 of 205 1s
replayed 20 of 205 8s
replayed 40 of 205 16s
replayed 60 of 205 31s
replayed 80 of 205 41s
replayed 100 of 205 48s
replayed 120 of 205 62s
replayed 140 of 205 70s
replayed 160 of 205 78s
replayed 180 of 205 88s
replayed 200 of 205 95s
positive control failures: []
{
 "attested_rows_replayed": 205,
 "positive_control_failures": [],
 "stratum_intervals": 562,
 "width_median": 29.166666666666668,
 "width_q1": 0.0,
 "width_q3": 49.34571061893044,
 "width_min": 0.0,
 "width_max": 166.66666666666669,
 "zero_width": 154,
 "by_items_per_stratum": {
  "2": {
   "n": 20,
   "median_width": 0.0
  },
  "4": {
   "n": 18,
   "median_width": 0.0
  },
  "6": {
   "n": 10,
   "median_width": 0.0
  },
  "8": {
   "n": 101,
   "median_width": 37.5
  },
  "9": {
   "n": 2,
   "median_width": 53.57142857142857
  },
  "10": {
   "n": 2,
   "median_width": 79.36507936507937
  },
  "12": {
   "n": 25,
   "median_width": 51.470588235294116
  },
  "16": {
   "n": 99,
   "median_width": 44.11764705882353
  },
  "20": {
   "n": 3,
   "median_width": 49.03846153846154
  },
  "24": {
   "n": 73,
   "median_width": 40.84057971014493
  },
  "30": {
   "n": 2,
   "median_width": 9.999999999999998
  },
  "32": {
   "n": 73,
   "median_width": 33.16608916608917
  },
  "40": {
   "n": 20,
   "median_width": 20.838251751467865
  },
  "48": {
   "n": 9,
   "median_width": 28.000000000000004
  },
  "50": {
   "n": 6,
   "median_width": 17.217987306157173
  },
  "60": {
   "n": 12,
   "median_width": 27.919560989163656
  },
  "64": {
   "n": 27,
   "median_width": 28.295180141021934
  },
  "72": {
   "n": 12,
   "median_width": 31.386341698841704
  },
  "80": {
   "n": 4,
   "median_width": 10.182039073780624
  },
  "96": {
   "n": 2,
   "median_width": 3.57142857142857
  },
  "100": {
   "n": 4,
   "median_width": 11.936825885978429
  },
  "120": {
   "n": 8,
   "median_width": 15.65217353577966
  },
  "128": {
   "n": 18,
   "median_width": 17.188128780799353
  },
  "196": {
   "n": 2,
   "median_width": 19.796054930972787
  },
  "224": {
   "n": 6,
   "median_width": 10.830239546814255
  },
  "1120": {
   "n": 4,
   "median_width": 8.153588054174925
  }
 }
}
counterfactual-if-opted: {'agree': 29, 'oppose': 24} | among currently cell-failed: {'agree': 26, 'oppose': 11} | agreements resting on a degenerate arm: 25
prior pair list re-settled: {"source": "counterfactual_if_opted.json", "pairs": 53, "corrected": {"oppose": 24, "agree": 29}, "prior": {"oppose": 24, "unresolved_degenerate_arm": 25, "agree": 4}, "transitions": {"oppose -> oppose": 24, "unresolved_degenerate_arm -> agree": 25, "agree -> agree": 4}}
named: {"verified-how": {"counterfactual": "agree", "failing_stratum": null, "degenerate_arm_present": true, "current_reproduced_ok": false, "current_aggregate": true}, "moved-earlier-placebo": {"counterfactual": "pair_not_in_interval_stratified_class", "failing_stratum": null, "degenerate_arm_present": null, "current_reproduced_ok": null, "current_aggregate": null}}
CENSUS_DONE
