{"hash": "b1b85296b22cfdde273acec2cc1372efd921fe1dd3aa541469cb9017626ead70", "served": [-7.1159, 7.3795], "replayed": [-7.11589731309559, 7.379464047519489], "pooled_match": true, "accepted_match": true, "accepted": 2000}
   subject-intended       lo  -14.286 hi    0.000 width  14.286 n 2000
   subject-orthogonal     lo  -17.604 hi   11.111 width  28.715 n 2000
   verb-intended          lo  -38.112 hi    7.130 width  45.242 n 2000
   verb-orthogonal        lo   -4.895 hi   42.143 width  47.038 n 2000
   nominal-intended       lo  -11.111 hi    0.000 width  11.111 n 2000
   nominal-orthogonal     lo    0.000 hi   19.048 width  19.048 n 2000
   adjunct-intended       lo  -29.021 hi   32.143 width  61.164 n 2000
   adjunct-orthogonal     lo  -29.167 hi   37.387 width  66.553 n 2000
{"hash": "98da79292807521f5c0cf0409c7a273ca5b152b0c2da8d9ab7d38f52b636314a", "served": [-1.0417, 11.9792], "replayed": [-1.041666666666666, 11.97916666666667], "pooled_match": true, "accepted_match": true, "accepted": 2000}
   subject-intended       lo  -33.333 hi   -4.167 width  29.167 n 2000
   subject-orthogonal     lo    0.000 hi    0.000 width   0.000 n 2000
   verb-intended          lo  -16.667 hi   33.333 width  50.000 n 2000
   verb-orthogonal        lo    4.167 hi   50.000 width  45.833 n 2000
   nominal-intended       lo  -29.167 hi    4.167 width  33.333 n 2000
   nominal-orthogonal     lo  -12.500 hi    0.000 width  12.500 n 2000
   adjunct-intended       lo    8.333 hi   50.000 width  41.667 n 2000
   adjunct-orthogonal     lo   -8.333 hi   41.667 width  50.000 n 2000
{"hash": "a6f513d15c774e31364b22ac5bc68457b3c37453ae5f6d1aa92151ce04387ce2", "served": [-15.8942, -9.0328], "replayed": [-15.894218638398067, -9.032754587441687], "pooled_match": true, "accepted_match": true, "accepted": 2000}
   none-of                lo  -12.023 hi   -3.060 width   8.963 n 2000
   not-all-of             lo  -22.555 hi  -12.324 width  10.231 n 2000
